>Zotu1
TGCGTAGGCTGTTTCGTAAGTCGTGTGTGAAAGGCGCGGGCTCAACCCGCGGACGGCACATGATACTGCGAGACTAGAGT
AATGGAGGGGGAACCGGAATTCTCGGTGTAGCAGTGAAATGCGTAGATATCGAGAGGAACACTCGTGGCGAAGGCGGGTT
CCTGGACATTAACTGACGCTGAGGCACGAAGGCCAGGGGAGCGAAAGGGATTAGATACCCCTGTAGTCCTGGCAGTAAAC
GGTGCACGCTTGGTGTGCGGGGAATCGACCCCCTGCGTGCCGGAGCTAACGCGTTAAGCGTGCCGCCTGGGGAGTACGGT
CGCAAGATTAAA
>Zotu2
TTCATTCTTGCGAACGTACTCCCCAGGTGGAATACTTATTGCGTTTGCTGCGGCACCGAATGGCTTTGCCACCCGACACC
TAGTATTCATCGTTTACGGCGTGGACTACCAGGGTATCTAATCCTGTTTGCTCCCCACGCTTTCGAGCCTCAACGTCAGT
TACCGTCCAGTAAGCCGCCTTCGCCACTGGTGTTCCTCCTAATATCTACGCATTTCACCGCTACACTAGGAATTCCGCTT
ACCTCTCCGGCACTCTAGAAAAACAGTTTCCAATGCAGTCCTGGGGTTAAGCCCCAGCCTTTCACATCAGACTTGCTCTT
CCGTCTACGCT
>Zotu3
TTTAATCTTGCGACCGTACTCCCCAGGCGGCACGCTTAACGCGTTAGCTCCGGCACGCAGGGGGTCGATTCCCCGCACAC
CAAGCGTGCACCGTTTACTGCCAGGACTACAGGGGTATCTAATCCCTTTCGCTCCCCTGGCCTTCGTGCCTCAGCGTCAG
TTAATGTCCAGGAACCCGCCTTCGCCACGAGTGTTCCTCTCGATATCTACGCATTTCACTGCTACACCGAGAATTCCGGT
TCCCCCTCCATTACTCTAGTCTCGCAGTATCATGTGCCGTCCGCGGGTTGAGCCCGCGCCTTTCACACACGACTTACGAA
ACAGCCTACGCA
>Zotu4
AGCGTAGACGGAAGAGCAAGTCTGATGTGAAAGGCTGGGGCTTAACCCCAGGACTGCATTGGAAACTGTTTTTCTAGAGT
GCCGGAGAGGTAAGCGGAATTCCTAGTGTAGCGGTGAAATGCGTAGATATTAGGAGGAACACCAGTGGCGAAGGCGGCTT
ACTGGACGGTAACTGACGTTGAGGCTCGAAAGCGTGGGGAGCAAACAGGATTAGATACCCTGGTAGTCCACGCCGTAAAC
GATGAATACTAGGTGTCGGGTGGCAAAGCCATTCGGTGCCGCAGCAAACGCAATAAGTATTCCACCTGGGGAGTACGTTC
GCAAGAATGAA
>Zotu5
AGCGCAGGCGGTTTCTTAAGTCTGATGTGAAAGCCCCCGGCTCAACCGGGGAGGGTCATTGGAAACTGGGAGACTTGAGT
GCAGAAGAGGAGAGTGGAATTCCATGTGTAGCGGTGAAATGCGTAGATATATGGAGGAACACCAGTGGCGAAGGCGGCTC
TCTGGTCTGTAACTGACGCTGAGGCTCGAAAGCGTGGGGAGCAAACAGGATTAGATACCCTGGTAGTCCACGCCGTAAAC
GATGAGTGCTAAGTGTTGGAGGGTTTCCGCCCTTCAGTGCTGCAGCAAACGCATTAAGCACTCCGCCTGGGGAGTACGAC
CGCAAGGTTGAA
>Zotu6
TTCAACCTTGCGGTCGTACTCCCCAGGCGGAGTGCTTAATGCGTTTGCTGCAGCACTGAAGGGCGGAAACCCTCCAACAC
TTAGCACTCATCGTTTACGGCGTGGACTACCAGGGTATCTAATCCTGTTTGCTCCCCACGCTTTCGAGCCTCAGCGTCAG
TTACAGACCAGAGAGCCGCCTTCGCCACTGGTGTTCCTCCATATATCTACGCATTTCACCGCTACACATGGAATTCCACT
CTCCTCTTCTGCACTCAAGTCTCCCAGTTTCCAATGACCCTCCCCGGTTGAGCCGGGGGCTTTCACATCAGACTTAAGAA
ACCGCCTGCGCT
>Zotu7
CACGTAGGCGGTGAATCGGGTTGAAAGTGAAAGTCGCCAAAAAGTGGCGGAATGCTCTCGAAACCAATTCACTTGAGTGA
GACAGAGGAGAGTGGAATTTCGTGTGTAGGGGTGAAATCCGTAGATCTACGAAGGAACGCCAAAAGCGAAGGCAGCTCTC
TGGGTCCCTACCGACGCTGGGGTGCGAAAGCATGGGGAGCGAACAGGATTAGATACCCTGGTAGTCCATGCCGTAAACGA
TGAGTGTTCGCCCTTGGTCTACGCGGATCAGGGGCCCAGCTAACGCGTGAAACACTCCGCCTGGGGAGTACGGTCGCAAG
ACCGAA
>Zotu8
TTCGGTCTTGCGACCGTACTCCCCAGGCGGAGTGTTTCACGCGTTAGCTGGGCCCCTGATCCGCGTAGACCAAGGGCGAA
CACTCATCGTTTACGGCATGGACTACCAGGGTATCTAATCCTGTTCGCTCCCCATGCTTTCGCACCCCAGCGTCGGTAGG
GACCCAGAGAGCTGCCTTCGCTTTTGGCGTTCCTTCGTAGATCTACGGATTTCACCCCTACACACGAAATTCCACTCTCC
TCTGTCTCACTCAAGTGAATTGGTTTCGAGAGCATTCCGCCACTTTTTGGCGACTTTCACTTTCAACCCGATTCACCGCC
TACGTG
